Microchip MPLAB XC8 Compiler V2.46

Linker command line:

-W-3 \
  --edf=C:\Program Files\Microchip\xc8\v2.46\pic\dat\20240104201356_en.msgs \
  -cn -h+dist/default/production\KEYPAD.X.production.sym \
  --cmf=dist/default/production\KEYPAD.X.production.cmf -z -Q16F877A \
  -oC:\Users\vigne\AppData\Local\Temp\xcAs9b0.\driver_tmp_3.o \
  --defsym=__MPLAB_BUILD=1 --fixupoverflow=error \
  -Mdist/default/production/KEYPAD.X.production.map \
  --md=C:\Users\vigne\AppData\Local\Temp\xcAs9b0.\driver_tmp_0.dat -E1 \
  -ver=XC8 Compiler --acfsm=1493 -ACODE=00h-07FFhx4 -ASTRCODE=00h-01FFFh \
  -ASTRING=00h-0FFhx32 -ACONST=00h-0FFhx32 -AENTRY=00h-0FFhx32 \
  -ACOMMON=070h-07Fh -ABANK0=020h-06Fh -ABANK1=0A0h-0EFh \
  -ABANK2=0110h-016Fh -ABANK3=0190h-01EFh \
  -ARAM=020h-06Fh,0A0h-0EFh,0110h-016Fh,0190h-01EFh \
  -AABS1=020h-07Fh,0A0h-0EFh,0110h-016Fh,0190h-01EFh -ASFR0=00h-01Fh \
  -ASFR1=080h-09Fh -ASFR2=0100h-010Fh -ASFR3=0180h-018Fh \
  -ACONFIG=02007h-02007h -DCONFIG=2 -AIDLOC=02000h-02003h -DIDLOC=2 \
  -AEEDATA=00h-0FFh/02100h -peeprom_data=EEDATA -DEEDATA=2 -DCODE=2 \
  -DSTRCODE=2 -DSTRING=2 -DCONST=2 -DENTRY=2 \
  -preset_vec=00h,intentry,sivt,init,end_init -ppowerup=CODE -pcinit=CODE \
  -pfunctab=ENTRY -k \
  C:\Users\vigne\AppData\Local\Temp\xcAs9b0.\driver_tmp_12.o \
  dist/default/production\KEYPAD.X.production.o 

Object code version is 3.11

Machine type is 16F877A



                Name                               Link     Load   Length Selector   Space Scale
C:\Users\vigne\AppData\Local\Temp\xcAs9b0.\driver_tmp_12.o
                end_init                              0        0        3        0       0
                config                             2007     2007        1        0       4
dist/default/production\KEYPAD.X.production.o
                cinit                               7E7      7E7       19      FCE       0
                config                             2007     2007        1        0       4
                text5                               69D      69D       20      D3A       0
                text4                               6F3      6F3       6F      DE6       0
                text3                               680      680       1D      D00       0
                text2                               762      762       85      EC4       0
                text1                               65C      65C       11      CB8       0
                maintext                            6BD      6BD       36      D7A       0
                cstackCOMMON                         70       70        5       70       1
                inittext                            66D      66D       13      CDA       0
                dataBANK0                            20       20        F       20       1
                dataCOMMON                           76       76        1       70       1
                bssCOMMON                            75       75        1       70       1
                idataBANK0                          64D      64D        F      C9A       0
                idataCOMMON                         64C      64C        1      C98       0

TOTAL           Name                               Link     Load   Length     Space
        CLASS   CODE           
                end_init                              0        0        3         0
                cinit                               7E7      7E7       19         0
                text5                               69D      69D       20         0
                text4                               6F3      6F3       6F         0
                text3                               680      680       1D         0
                text2                               762      762       85         0
                text1                               65C      65C       11         0
                maintext                            6BD      6BD       36         0
                inittext                            66D      66D       13         0
                idataBANK0                          64D      64D        F         0
                idataCOMMON                         64C      64C        1         0

        CLASS   STRCODE        

        CLASS   STRING         

        CLASS   CONST          

        CLASS   ENTRY          

        CLASS   COMMON         
                cstackCOMMON                         70       70        5         1
                dataCOMMON                           76       76        1         1
                bssCOMMON                            75       75        1         1

        CLASS   BANK0          
                dataBANK0                            20       20        F         1

        CLASS   BANK1          

        CLASS   BANK2          

        CLASS   BANK3          

        CLASS   RAM            

        CLASS   ABS1           
                abs_s1                               7E       7E        2         1

        CLASS   SFR0           

        CLASS   SFR1           

        CLASS   SFR2           

        CLASS   SFR3           

        CLASS   CONFIG         
                config                             2007     2007        1         4

        CLASS   IDLOC          

        CLASS   EEDATA         

        CLASS   HEAP           

        CLASS   STACK          



SEGMENTS        Name                           Load    Length   Top    Selector   Space  Class     Delta

                reset_vec                      000000  000003  000003         0       0  CODE        2
                dataBANK0                      000020  00000F  00002F        20       1  BANK0       1
                cstackCOMMON                   000070  000007  000077        70       1  COMMON      1
                idataCOMMON                    00064C  000001  00064D       C98       0  CODE        2
                idataBANK0                     00064D  00000F  00065C       C9A       0  CODE        2
                text1                          00065C  000011  00066D       CB8       0  CODE        2
                inittext                       00066D  000013  000680       CDA       0  CODE        2
                text3                          000680  00001D  00069D       D00       0  CODE        2
                text5                          00069D  000020  0006BD       D3A       0  CODE        2
                maintext                       0006BD  000036  0006F3       D7A       0  CODE        2
                text4                          0006F3  00006F  000762       DE6       0  CODE        2
                text2                          000762  000085  0007E7       EC4       0  CODE        2
                cinit                          0007E7  000019  000800       FCE       0  CODE        2


UNUSED ADDRESS RANGES

        Name                Unused          Largest block    Delta
        BANK0            002F-006F             41           1
        BANK1            00A0-00EF             50           1
        BANK2            0110-016F             60           1
        BANK3            0190-01EF             60           1
        CODE             0003-064B            649           2
                         0800-1FFF            800
        COMMON           0077-007D              7           1
        CONST            0003-064B            100           2
                         0800-1FFF            100
        EEDATA           2100-21FF            100           2
        ENTRY            0003-064B            100           2
                         0800-1FFF            100
        IDLOC            2000-2003              4           2
        RAM              002F-006F             41           1
                         00A0-00EF             50
                         0110-016F             60
                         0190-01EF             60
        SFR0             0000-001F             20           1
        SFR1             0080-009F             20           1
        SFR2             0100-010F             10           1
        SFR3             0180-018F             10           1
        STRCODE          0003-064B            649           2
                         0800-1FFF           1800
        STRING           0003-064B            100           2
                         0800-1FFF            100

                                  Symbol Table

_Key                       dataCOMMON   0076
_OPTION_REG                (abs)        0081
_PORTB                     (abs)        0006
_PORTC                     (abs)        0007
_PORTD                     (abs)        0008
_RB0                       (abs)        0030
_RB1                       (abs)        0031
_RB2                       (abs)        0032
_RB4                       (abs)        0034
_RB5                       (abs)        0035
_RB6                       (abs)        0036
_RB7                       (abs)        0037
_TRISB                     (abs)        0086
_TRISC                     (abs)        0087
_TRISD                     (abs)        0088
__H__absolute__            __absolute__ 0000
__Habs1                    abs1         0000
__Hbank0                   bank0        0000
__Hbank1                   bank1        0000
__Hbank2                   bank2        0000
__Hbank3                   bank3        0000
__HbssCOMMON               bssCOMMON    0000
__Hcinit                   cinit        0800
__Hclrtext                 clrtext      0000
__Hcode                    code         0000
__Hcommon                  common       0000
__Hconfig                  config       2008
__HcstackCOMMON            cstackCOMMON 0000
__HdataBANK0               dataBANK0    0000
__HdataCOMMON              dataCOMMON   0000
__Heeprom_data             eeprom_data  0000
__Hend_init                end_init     0003
__Hfunctab                 functab      0000
__Hheap                    heap         0000
__HidataBANK0              idataBANK0   0000
__HidataCOMMON             idataCOMMON  0000
__Hinit                    init         0000
__Hinittext                inittext     0000
__Hintentry                intentry     0000
__Hmaintext                maintext     0000
__Hpowerup                 powerup      0000
__Hram                     ram          0000
__Hreset_vec               reset_vec    0000
__Hsfr0                    sfr0         0000
__Hsfr1                    sfr1         0000
__Hsfr2                    sfr2         0000
__Hsfr3                    sfr3         0000
__Hsivt                    sivt         0000
__Hspace_0                 (abs)        0800
__Hspace_1                 (abs)        0077
__Hspace_2                 (abs)        0000
__Hspace_3                 (abs)        0000
__Hspace_4                 (abs)        400F
__Hstack                   stack        0000
__Hstrings                 strings      0000
__Htext                    text         0000
__L__absolute__            __absolute__ 0000
__Labs1                    abs1         0000
__Lbank0                   bank0        0000
__Lbank1                   bank1        0000
__Lbank2                   bank2        0000
__Lbank3                   bank3        0000
__LbssCOMMON               bssCOMMON    0000
__Lcinit                   cinit        07E7
__Lclrtext                 clrtext      0000
__Lcode                    code         0000
__Lcommon                  common       0000
__Lconfig                  config       0000
__LcstackCOMMON            cstackCOMMON 0000
__LdataBANK0               dataBANK0    0000
__LdataCOMMON              dataCOMMON   0000
__Leeprom_data             eeprom_data  0000
__Lend_init                end_init     0000
__Lfunctab                 functab      0000
__Lheap                    heap         0000
__LidataBANK0              idataBANK0   0000
__LidataCOMMON             idataCOMMON  0000
__Linit                    init         0000
__Linittext                inittext     0000
__Lintentry                intentry     0000
__Lmaintext                maintext     0000
__Lpowerup                 powerup      0000
__Lram                     ram          0000
__Lreset_vec               reset_vec    0000
__Lsfr0                    sfr0         0000
__Lsfr1                    sfr1         0000
__Lsfr2                    sfr2         0000
__Lsfr3                    sfr3         0000
__Lsivt                    sivt         0000
__Lspace_0                 (abs)        0000
__Lspace_1                 (abs)        0000
__Lspace_2                 (abs)        0000
__Lspace_3                 (abs)        0000
__Lspace_4                 (abs)        0000
__Lstack                   stack        0000
__Lstrings                 strings      0000
__Ltext                    text         0000
__S0                       (abs)        0800
__S1                       (abs)        0077
__S3                       (abs)        0000
___heap_hi                 (abs)        0000
___heap_lo                 (abs)        0000
___int_sp                  stack        0000
___int_stack_hi            stack        0000
___int_stack_lo            stack        0000
___latbits                 (abs)        0002
___sp                      stack        0000
___stack_hi                stack        0000
___stack_lo                stack        0000
___stackhi                 (abs)        0000
___stacklo                 (abs)        0000
__end_of__initialization   cinit        07FC
__end_of_init              text4        0762
__end_of_keypad_scanner    text2        07E7
__end_of_lcd_Command       text5        06BD
__end_of_lcd_Data          text3        069D
__end_of_main              maintext     06F3
__end_of_switch_press_scan text1        066D
__initialization           cinit        07E7
__pbssCOMMON               bssCOMMON    0075
__pcstackCOMMON            cstackCOMMON 0070
__pdataBANK0               dataBANK0    0020
__pdataCOMMON              dataCOMMON   0076
__pidataBANK0              idataBANK0   064D
__pidataCOMMON             idataCOMMON  064C
__pmaintext                maintext     06BD
__ptext1                   text1        065C
__ptext2                   text2        0762
__ptext3                   text3        0680
__ptext4                   text4        06F3
__ptext5                   text5        069D
_arr3                      dataBANK0    0020
_i                         bssCOMMON    0075
_init                      text4        06F3
_keypad_scanner            text2        0762
_lcd_Command               text5        069D
_lcd_Data                  text3        0680
_main                      maintext     06BD
_switch_press_scan         text1        065C
btemp                      (abs)        007E
end_of_initialization      cinit        07FC
init_fetch0                inittext     066D
init_ram0                  inittext     0671
intlevel0                  functab      0000
intlevel1                  functab      0000
intlevel2                  functab      0000
intlevel3                  functab      0000
intlevel4                  functab      0000
intlevel5                  functab      0000
lcd_Command@i              cstackCOMMON 0072
lcd_Data@i                 cstackCOMMON 0072
reset_vec                  reset_vec    0000
start                      init         0000
start_initialization       cinit        07E7
switch_press_scan@key      cstackCOMMON 0070
wtemp0                     (abs)        007E


MODULE INFORMATION

Module		Function		Class		Link	Load	Size
KEYPAD.c
		_init          		CODE           	06F3	0000	111
		_main          		CODE           	06BD	0000	54
		_lcd_Command   		CODE           	069D	0000	32
		_lcd_Data      		CODE           	0680	0000	29
		_switch_press_scan		CODE           	065C	0000	17
		_keypad_scanner		CODE           	0762	0000	133

KEYPAD.c estimated size: 376

shared
		__initialization		CODE           	07E7	0000	21

shared estimated size: 21

