Microchip MPLAB XC8 Compiler V2.46

Linker command line:

-W-3 \
  --edf=C:\Program Files\Microchip\xc8\v2.46\pic\dat\20240104201356_en.msgs \
  -cn -h+dist/default/production\Rtc_Master.X.production.sym \
  --cmf=dist/default/production\Rtc_Master.X.production.cmf -z -Q16F877A \
  -oC:\Users\vigne\AppData\Local\Temp\xcAs7j0.\driver_tmp_3.o \
  --defsym=__MPLAB_BUILD=1 --fixupoverflow=error \
  -Mdist/default/production/Rtc_Master.X.production.map \
  --md=C:\Users\vigne\AppData\Local\Temp\xcAs7j0.\driver_tmp_0.dat -E1 \
  -ver=XC8 Compiler --acfsm=1493 -ACODE=00h-07FFhx4 -ASTRCODE=00h-01FFFh \
  -ASTRING=00h-0FFhx32 -ACONST=00h-0FFhx32 -AENTRY=00h-0FFhx32 \
  -ACOMMON=070h-07Fh -ABANK0=020h-06Fh -ABANK1=0A0h-0EFh \
  -ABANK2=0110h-016Fh -ABANK3=0190h-01EFh \
  -ARAM=020h-06Fh,0A0h-0EFh,0110h-016Fh,0190h-01EFh \
  -AABS1=020h-07Fh,0A0h-0EFh,0110h-016Fh,0190h-01EFh -ASFR0=00h-01Fh \
  -ASFR1=080h-09Fh -ASFR2=0100h-010Fh -ASFR3=0180h-018Fh \
  -ACONFIG=02007h-02007h -DCONFIG=2 -AIDLOC=02000h-02003h -DIDLOC=2 \
  -AEEDATA=00h-0FFh/02100h -peeprom_data=EEDATA -DEEDATA=2 -DCODE=2 \
  -DSTRCODE=2 -DSTRING=2 -DCONST=2 -DENTRY=2 \
  -preset_vec=00h,intentry,sivt,init,end_init -ppowerup=CODE -pcinit=CODE \
  -pfunctab=ENTRY -k \
  C:\Users\vigne\AppData\Local\Temp\xcAs7j0.\driver_tmp_12.o \
  dist/default/production\Rtc_Master.X.production.o 

Object code version is 3.11

Machine type is 16F877A



                Name                               Link     Load   Length Selector   Space Scale
C:\Users\vigne\AppData\Local\Temp\xcAs7j0.\driver_tmp_12.o
                end_init                              0        0        3        0       0
                config                             2007     2007        1        0       4
                idloc                              2000     2000        4        0       5
dist/default/production\Rtc_Master.X.production.o
                cinit                               7E6      7E6       1A      FCC       0
                config                             2007     2007        1        0       4
                idloc                              2000     2000        4        0       5
                text18                              3D8      3D8       68      7B0       0
                text17                              284      284       46      508       0
                text16                              2CA      2CA       4E      594       0
                text15                              18E      18E       12      31C       0
                text14                              440      440       72      880       0
                text13                              1A0      1A0       12      340       0
                text12                              181      181        D      302       0
                text11                              162      162        A      2C4       0
                text10                              16C      16C        A      2D8       0
                text9                               176      176        B      2EC       0
                text8                               371      371       67      6E2       0
                text7                               318      318       59      630       0
                text6                               254      254       30      4A8       0
                text5                               4B2      4B2       83      964       0
                text4                               225      225       2F      44A       0
                text3                               1DB      1DB       25      3B6       0
                text2                               200      200       25      400       0
                text1                               535      535       D9      A6A       0
                maintext                            60E      60E      1D8      C1C       0
                cstackBANK0                          20       20       18       20       1
                cstackCOMMON                         70       70        E       70       1
                clrtext                             15A      15A        8      2B4       0
                inittext                            1B2      1B2       13      364       0
                dataBANK0                            38       38       16       20       1
                bssBANK0                             4E       4E       14       20       1
                idataBANK0                          1C5      1C5       16      38A       0

TOTAL           Name                               Link     Load   Length     Space
        CLASS   CODE           
                end_init                              0        0        3         0
                cinit                               7E6      7E6       1A         0
                text18                              3D8      3D8       68         0
                text17                              284      284       46         0
                text16                              2CA      2CA       4E         0
                text15                              18E      18E       12         0
                text14                              440      440       72         0
                text13                              1A0      1A0       12         0
                text12                              181      181        D         0
                text11                              162      162        A         0
                text10                              16C      16C        A         0
                text9                               176      176        B         0
                text8                               371      371       67         0
                text7                               318      318       59         0
                text6                               254      254       30         0
                text5                               4B2      4B2       83         0
                text4                               225      225       2F         0
                text3                               1DB      1DB       25         0
                text2                               200      200       25         0
                text1                               535      535       D9         0
                maintext                            60E      60E      1D8         0
                clrtext                             15A      15A        8         0
                inittext                            1B2      1B2       13         0
                idataBANK0                          1C5      1C5       16         0

        CLASS   STRCODE        

        CLASS   STRING         

        CLASS   CONST          

        CLASS   ENTRY          

        CLASS   COMMON         
                cstackCOMMON                         70       70        E         1

        CLASS   BANK0          
                cstackBANK0                          20       20       18         1
                dataBANK0                            38       38       16         1
                bssBANK0                             4E       4E       14         1

        CLASS   BANK1          

        CLASS   BANK2          

        CLASS   BANK3          

        CLASS   RAM            

        CLASS   ABS1           
                abs_s1                               7E       7E        2         1

        CLASS   SFR0           

        CLASS   SFR1           

        CLASS   SFR2           

        CLASS   SFR3           

        CLASS   CONFIG         
                config                             2007     2007        1         4

        CLASS   IDLOC          
                idloc                              2000     2000        4         5

        CLASS   EEDATA         

        CLASS   HEAP           

        CLASS   STACK          



SEGMENTS        Name                           Load    Length   Top    Selector   Space  Class     Delta

                reset_vec                      000000  000003  000003         0       0  CODE        2
                cstackBANK0                    000020  000042  000062        20       1  BANK0       1
                cstackCOMMON                   000070  00000E  00007E        70       1  COMMON      1
                clrtext                        00015A  000008  000162       2B4       0  CODE        2
                text11                         000162  00000A  00016C       2C4       0  CODE        2
                text10                         00016C  00000A  000176       2D8       0  CODE        2
                text9                          000176  00000B  000181       2EC       0  CODE        2
                text12                         000181  00000D  00018E       302       0  CODE        2
                text15                         00018E  000012  0001A0       31C       0  CODE        2
                text13                         0001A0  000012  0001B2       340       0  CODE        2
                inittext                       0001B2  000013  0001C5       364       0  CODE        2
                idataBANK0                     0001C5  000016  0001DB       38A       0  CODE        2
                text3                          0001DB  000025  000200       3B6       0  CODE        2
                text2                          000200  000025  000225       400       0  CODE        2
                text4                          000225  00002F  000254       44A       0  CODE        2
                text6                          000254  000030  000284       4A8       0  CODE        2
                text17                         000284  000046  0002CA       508       0  CODE        2
                text16                         0002CA  00004E  000318       594       0  CODE        2
                text7                          000318  000059  000371       630       0  CODE        2
                text8                          000371  000067  0003D8       6E2       0  CODE        2
                text18                         0003D8  000068  000440       7B0       0  CODE        2
                text14                         000440  000072  0004B2       880       0  CODE        2
                text5                          0004B2  000083  000535       964       0  CODE        2
                text1                          000535  0000D9  00060E       A6A       0  CODE        2
                maintext                       00060E  0001D8  0007E6       C1C       0  CODE        2
                cinit                          0007E6  00001A  000800       FCC       0  CODE        2


UNUSED ADDRESS RANGES

        Name                Unused          Largest block    Delta
        BANK0            0062-006F              E           1
        BANK1            00A0-00EF             50           1
        BANK2            0110-016F             60           1
        BANK3            0190-01EF             60           1
        CODE             0003-0159            157           2
                         0800-1FFF            800
        CONST            0003-0159             FD           2
                         0800-1FFF            100
        EEDATA           2100-21FF            100           2
        ENTRY            0003-0159             FD           2
                         0800-1FFF            100
        RAM              0062-006F              E           1
                         00A0-00EF             50
                         0110-016F             60
                         0190-01EF             60
        SFR0             0000-001F             20           1
        SFR1             0080-009F             20           1
        SFR2             0100-010F             10           1
        SFR3             0180-018F             10           1
        STRCODE          0003-0159            157           2
                         0800-1FFF           1800
        STRING           0003-0159             FD           2
                         0800-1FFF            100

                                  Symbol Table

?_I2C_read               cstackCOMMON 0070
?___awdiv                cstackCOMMON 0070
?___awmod                cstackCOMMON 0070
?___lldiv                cstackBANK0  0020
?___lmul                 cstackCOMMON 0070
?___wmul                 cstackCOMMON 0070
?_bcd_2_dec              cstackCOMMON 0076
?_dec_2_bcd              cstackCOMMON 0078
I2C_init@feq_k           cstackBANK0  002D
I2C_read@ack             cstackCOMMON 0070
I2C_read@value           cstackCOMMON 0074
I2C_write@temp           cstackCOMMON 0070
_ACKDT                   (abs)        048D
_Date                    dataBANK0    0046
_Date1                   bssBANK0     005B
_Date2                   bssBANK0     005A
_Hours                   dataBANK0    0048
_Hours1                  bssBANK0     005D
_Hours2                  bssBANK0     005C
_I2C_init                text16       02CA
_I2C_read                text4        0225
_I2C_start               text11       0162
_I2C_stop                text10       016C
_I2C_wait                text12       0181
_I2C_write               text9        0176
_Minutes                 dataBANK0    004A
_Minutes1                bssBANK0     005F
_Minutes2                bssBANK0     005E
_Month                   dataBANK0    0044
_Month1                  bssBANK0     0059
_Month2                  bssBANK0     0058
_PORTD                   (abs)        0008
_RC1                     (abs)        0039
_RC2                     (abs)        003A
_SSPADD                  (abs)        0093
_SSPBUF                  (abs)        0013
_SSPCON                  (abs)        0014
_SSPCON2                 (abs)        0091
_SSPSTAT                 (abs)        0094
_Seconds                 dataBANK0    004C
_Seconds1                bssBANK0     0061
_Seconds2                bssBANK0     0060
_TRISC                   (abs)        0087
_TRISD                   (abs)        0088
_Year                    dataBANK0    0042
_Year1                   bssBANK0     0057
_Year2                   bssBANK0     0056
__H__absolute__          __absolute__ 0000
__Habs1                  abs1         0000
__Hbank0                 bank0        0000
__Hbank1                 bank1        0000
__Hbank2                 bank2        0000
__Hbank3                 bank3        0000
__HbssBANK0              bssBANK0     0000
__Hcinit                 cinit        0800
__Hclrtext               clrtext      0000
__Hcode                  code         0000
__Hcommon                common       0000
__Hconfig                config       2008
__HcstackBANK0           cstackBANK0  0000
__HcstackCOMMON          cstackCOMMON 0000
__HdataBANK0             dataBANK0    0000
__Heeprom_data           eeprom_data  0000
__Hend_init              end_init     0003
__Hfunctab               functab      0000
__Hheap                  heap         0000
__HidataBANK0            idataBANK0   0000
__Hidloc                 idloc        2004
__Hinit                  init         0000
__Hinittext              inittext     0000
__Hintentry              intentry     0000
__Hmaintext              maintext     0000
__Hpowerup               powerup      0000
__Hram                   ram          0000
__Hreset_vec             reset_vec    0000
__Hsfr0                  sfr0         0000
__Hsfr1                  sfr1         0000
__Hsfr2                  sfr2         0000
__Hsfr3                  sfr3         0000
__Hsivt                  sivt         0000
__Hspace_0               (abs)        0800
__Hspace_1               (abs)        007E
__Hspace_2               (abs)        0000
__Hspace_3               (abs)        0000
__Hspace_4               (abs)        400F
__Hstack                 stack        0000
__Hstrings               strings      0000
__Htext                  text         0000
__L__absolute__          __absolute__ 0000
__Labs1                  abs1         0000
__Lbank0                 bank0        0000
__Lbank1                 bank1        0000
__Lbank2                 bank2        0000
__Lbank3                 bank3        0000
__LbssBANK0              bssBANK0     0000
__Lcinit                 cinit        07E6
__Lclrtext               clrtext      0000
__Lcode                  code         0000
__Lcommon                common       0000
__Lconfig                config       0000
__LcstackBANK0           cstackBANK0  0000
__LcstackCOMMON          cstackCOMMON 0000
__LdataBANK0             dataBANK0    0000
__Leeprom_data           eeprom_data  0000
__Lend_init              end_init     0000
__Lfunctab               functab      0000
__Lheap                  heap         0000
__LidataBANK0            idataBANK0   0000
__Lidloc                 idloc        0000
__Linit                  init         0000
__Linittext              inittext     0000
__Lintentry              intentry     0000
__Lmaintext              maintext     0000
__Lpowerup               powerup      0000
__Lram                   ram          0000
__Lreset_vec             reset_vec    0000
__Lsfr0                  sfr0         0000
__Lsfr1                  sfr1         0000
__Lsfr2                  sfr2         0000
__Lsfr3                  sfr3         0000
__Lsivt                  sivt         0000
__Lspace_0               (abs)        0000
__Lspace_1               (abs)        0000
__Lspace_2               (abs)        0000
__Lspace_3               (abs)        0000
__Lspace_4               (abs)        0000
__Lstack                 stack        0000
__Lstrings               strings      0000
__Ltext                  text         0000
__S0                     (abs)        0800
__S1                     (abs)        007E
__S3                     (abs)        0000
___awdiv                 text8        0371
___awdiv@counter         cstackCOMMON 0074
___awdiv@dividend        cstackCOMMON 0072
___awdiv@divisor         cstackCOMMON 0070
___awdiv@quotient        cstackCOMMON 0076
___awdiv@sign            cstackCOMMON 0075
___awmod                 text7        0318
___awmod@counter         cstackCOMMON 0074
___awmod@dividend        cstackCOMMON 0072
___awmod@divisor         cstackCOMMON 0070
___awmod@sign            cstackCOMMON 0075
___heap_hi               (abs)        0000
___heap_lo               (abs)        0000
___int_sp                stack        0000
___int_stack_hi          stack        0000
___int_stack_lo          stack        0000
___latbits               (abs)        0002
___lldiv                 text18       03D8
___lldiv@counter         cstackBANK0  002C
___lldiv@dividend        cstackBANK0  0024
___lldiv@divisor         cstackBANK0  0020
___lldiv@quotient        cstackBANK0  0028
___lmul                  text17       0284
___lmul@multiplicand     cstackCOMMON 0074
___lmul@multiplier       cstackCOMMON 0070
___lmul@product          cstackCOMMON 0079
___sp                    stack        0000
___stack_hi              stack        0000
___stack_lo              stack        0000
___stackhi               (abs)        0000
___stacklo               (abs)        0000
___wmul                  text3        01DB
___wmul@multiplicand     cstackCOMMON 0072
___wmul@multiplier       cstackCOMMON 0070
___wmul@product          cstackCOMMON 0074
__end_of_I2C_init        text16       0318
__end_of_I2C_read        text4        0254
__end_of_I2C_start       text11       016C
__end_of_I2C_stop        text10       0176
__end_of_I2C_wait        text12       018E
__end_of_I2C_write       text9        0181
__end_of___awdiv         text8        03D8
__end_of___awmod         text7        0371
__end_of___lldiv         text18       0440
__end_of___lmul          text17       02CA
__end_of___wmul          text3        0200
__end_of__initialization cinit        07FC
__end_of_bcd_2_dec       text2        0225
__end_of_dec_2_bcd       text6        0284
__end_of_init            text14       04B2
__end_of_lcd_command     text15       01A0
__end_of_lcd_data        text13       01B2
__end_of_main            maintext     07E6
__end_of_settime         text5        0535
__end_of_upDate          text1        060E
__initialization         cinit        07E6
__pbssBANK0              bssBANK0     004E
__pcstackBANK0           cstackBANK0  0020
__pcstackCOMMON          cstackCOMMON 0070
__pdataBANK0             dataBANK0    0038
__pidataBANK0            idataBANK0   01C5
__pmaintext              maintext     060E
__ptext1                 text1        0535
__ptext10                text10       016C
__ptext11                text11       0162
__ptext12                text12       0181
__ptext13                text13       01A0
__ptext14                text14       0440
__ptext15                text15       018E
__ptext16                text16       02CA
__ptext17                text17       0284
__ptext18                text18       03D8
__ptext2                 text2        0200
__ptext3                 text3        01DB
__ptext4                 text4        0225
__ptext5                 text5        04B2
__ptext6                 text6        0254
__ptext7                 text7        0318
__ptext8                 text8        0371
__ptext9                 text9        0176
_bcd_2_dec               text2        0200
_dec_2_bcd               text6        0254
_i                       bssBANK0     0054
_init                    text14       0440
_lcd_command             text15       018E
_lcd_data                text13       01A0
_main                    maintext     060E
_msg1                    dataBANK0    003D
_msg2                    dataBANK0    0038
_settime                 text5        04B2
_upDate                  text1        0535
bcd_2_dec@temp           cstackCOMMON 0076
btemp                    (abs)        007E
clear_ram0               clrtext      015A
dec_2_bcd@temp           cstackCOMMON 0078
end_of_initialization    cinit        07FC
init_fetch0              inittext     01B2
init_ram0                inittext     01B6
intlevel0                functab      0000
intlevel1                functab      0000
intlevel2                functab      0000
intlevel3                functab      0000
intlevel4                functab      0000
intlevel5                functab      0000
lcd_command@i            cstackCOMMON 0072
lcd_data@i               cstackCOMMON 0072
reset_vec                reset_vec    0000
start                    init         0000
start_initialization     cinit        07E6
wtemp0                   (abs)        007E


MODULE INFORMATION

Module		Function		Class		Link	Load	Size
C:\Program Files\Microchip\xc8\v2.46\pic\sources\c99\common\awdiv.c
		___awdiv       		CODE           	0371	0000	103

C:\Program Files\Microchip\xc8\v2.46\pic\sources\c99\common\awdiv.c estimated size: 103

Rtc_Master.c
		_I2C_stop      		CODE           	016C	0000	10
		_init          		CODE           	0440	0000	114
		_I2C_wait      		CODE           	0181	0000	13
		_lcd_command   		CODE           	018E	0000	18
		_I2C_read      		CODE           	0225	0000	47
		_I2C_init      		CODE           	02CA	0000	78
		_lcd_data      		CODE           	01A0	0000	18
		_main          		CODE           	060E	0000	472
		_I2C_start     		CODE           	0162	0000	10
		_dec_2_bcd     		CODE           	0254	0000	48
		_settime       		CODE           	04B2	0000	131
		_upDate        		CODE           	0535	0000	217
		_bcd_2_dec     		CODE           	0200	0000	37
		_I2C_write     		CODE           	0176	0000	11

Rtc_Master.c estimated size: 1224

shared
		__initialization		CODE           	07E6	0000	22

shared estimated size: 22

C:\Program Files\Microchip\xc8\v2.46\pic\sources\c99\common\__lldiv.c
		___lldiv       		CODE           	03D8	0000	104

C:\Program Files\Microchip\xc8\v2.46\pic\sources\c99\common\__lldiv.c estimated size: 104

C:\Program Files\Microchip\xc8\v2.46\pic\sources\c99\common\Umul16.c
		___wmul        		CODE           	01DB	0000	37

C:\Program Files\Microchip\xc8\v2.46\pic\sources\c99\common\Umul16.c estimated size: 37

C:\Program Files\Microchip\xc8\v2.46\pic\sources\c99\common\awmod.c
		___awmod       		CODE           	0318	0000	89

C:\Program Files\Microchip\xc8\v2.46\pic\sources\c99\common\awmod.c estimated size: 89

C:\Program Files\Microchip\xc8\v2.46\pic\sources\c99\common\Umul32.c
		___lmul        		CODE           	0284	0000	70

C:\Program Files\Microchip\xc8\v2.46\pic\sources\c99\common\Umul32.c estimated size: 70

