Microchip MPLAB XC8 Compiler V2.46

Linker command line:

-W-3 \
  --edf=C:\Program Files\Microchip\xc8\v2.46\pic\dat\20240104201356_en.msgs \
  -cn -h+dist/default/production\ADC_TASK.X.production.sym \
  --cmf=dist/default/production\ADC_TASK.X.production.cmf -z -Q16F877A \
  -oC:\Users\vigne\AppData\Local\Temp\xcAs5ak.\driver_tmp_3.o \
  --defsym=__MPLAB_BUILD=1 --fixupoverflow=error \
  -Mdist/default/production/ADC_TASK.X.production.map \
  --md=C:\Users\vigne\AppData\Local\Temp\xcAs5ak.\driver_tmp_0.dat -E1 \
  -ver=XC8 Compiler --acfsm=1493 -ACODE=00h-07FFhx4 -ASTRCODE=00h-01FFFh \
  -ASTRING=00h-0FFhx32 -ACONST=00h-0FFhx32 -AENTRY=00h-0FFhx32 \
  -ACOMMON=070h-07Fh -ABANK0=020h-06Fh -ABANK1=0A0h-0EFh \
  -ABANK2=0110h-016Fh -ABANK3=0190h-01EFh \
  -ARAM=020h-06Fh,0A0h-0EFh,0110h-016Fh,0190h-01EFh \
  -AABS1=020h-07Fh,0A0h-0EFh,0110h-016Fh,0190h-01EFh -ASFR0=00h-01Fh \
  -ASFR1=080h-09Fh -ASFR2=0100h-010Fh -ASFR3=0180h-018Fh \
  -ACONFIG=02007h-02007h -DCONFIG=2 -AIDLOC=02000h-02003h -DIDLOC=2 \
  -AEEDATA=00h-0FFh/02100h -peeprom_data=EEDATA -DEEDATA=2 -DCODE=2 \
  -DSTRCODE=2 -DSTRING=2 -DCONST=2 -DENTRY=2 \
  -preset_vec=00h,intentry,sivt,init,end_init -ppowerup=CODE -pcinit=CODE \
  -pfunctab=ENTRY -k \
  C:\Users\vigne\AppData\Local\Temp\xcAs5ak.\driver_tmp_12.o \
  dist/default/production\ADC_TASK.X.production.o 

Object code version is 3.11

Machine type is 16F877A



                Name                               Link     Load   Length Selector   Space Scale
C:\Users\vigne\AppData\Local\Temp\xcAs5ak.\driver_tmp_12.o
                end_init                              0        0        3        0       0
                config                             2007     2007        1        0       4
dist/default/production\ADC_TASK.X.production.o
                cinit                               7E6      7E6       1A      FCC       0
                config                             2007     2007        1        0       4
                text9                               55F      55F       68      ABE       0
                text8                               4D2      4D2       46      9A4       0
                text7                               452      452       17      8A4       0
                text6                               518      518       47      A30       0
                text5                               43D      43D       15      87A       0
                text4                               48E      48E       44      91C       0
                text3                               469      469       25      8D2       0
                text2                               429      429       14      852       0
                text1                               6B9      6B9      12D      D72       0
                maintext                            5C7      5C7       F2      B8E       0
                cstackBANK0                          36       36       16       20       1
                cstackCOMMON                         70       70        E       70       1
                clrtext                             3FC      3FC        8      7F8       0
                inittext                            416      416       13      82C       0
                dataBANK0                            4C       4C       12       20       1
                bssBANK0                             20       20       16       20       1
                idataBANK0                          404      404       12      808       0

TOTAL           Name                               Link     Load   Length     Space
        CLASS   CODE           
                end_init                              0        0        3         0
                cinit                               7E6      7E6       1A         0
                text9                               55F      55F       68         0
                text8                               4D2      4D2       46         0
                text7                               452      452       17         0
                text6                               518      518       47         0
                text5                               43D      43D       15         0
                text4                               48E      48E       44         0
                text3                               469      469       25         0
                text2                               429      429       14         0
                text1                               6B9      6B9      12D         0
                maintext                            5C7      5C7       F2         0
                clrtext                             3FC      3FC        8         0
                inittext                            416      416       13         0
                idataBANK0                          404      404       12         0

        CLASS   STRCODE        

        CLASS   STRING         

        CLASS   CONST          

        CLASS   ENTRY          

        CLASS   COMMON         
                cstackCOMMON                         70       70        E         1

        CLASS   BANK0          
                cstackBANK0                          36       36       16         1
                dataBANK0                            4C       4C       12         1
                bssBANK0                             20       20       16         1

        CLASS   BANK1          

        CLASS   BANK2          

        CLASS   BANK3          

        CLASS   RAM            

        CLASS   ABS1           
                abs_s1                               7E       7E        2         1

        CLASS   SFR0           

        CLASS   SFR1           

        CLASS   SFR2           

        CLASS   SFR3           

        CLASS   CONFIG         
                config                             2007     2007        1         4

        CLASS   IDLOC          

        CLASS   EEDATA         

        CLASS   HEAP           

        CLASS   STACK          



SEGMENTS        Name                           Load    Length   Top    Selector   Space  Class     Delta

                reset_vec                      000000  000003  000003         0       0  CODE        2
                bssBANK0                       000020  00003E  00005E        20       1  BANK0       1
                cstackCOMMON                   000070  00000E  00007E        70       1  COMMON      1
                clrtext                        0003FC  000008  000404       7F8       0  CODE        2
                idataBANK0                     000404  000012  000416       808       0  CODE        2
                inittext                       000416  000013  000429       82C       0  CODE        2
                text2                          000429  000014  00043D       852       0  CODE        2
                text5                          00043D  000015  000452       87A       0  CODE        2
                text7                          000452  000017  000469       8A4       0  CODE        2
                text3                          000469  000025  00048E       8D2       0  CODE        2
                text4                          00048E  000044  0004D2       91C       0  CODE        2
                text8                          0004D2  000046  000518       9A4       0  CODE        2
                text6                          000518  000047  00055F       A30       0  CODE        2
                text9                          00055F  000068  0005C7       ABE       0  CODE        2
                maintext                       0005C7  0000F2  0006B9       B8E       0  CODE        2
                text1                          0006B9  00012D  0007E6       D72       0  CODE        2
                cinit                          0007E6  00001A  000800       FCC       0  CODE        2


UNUSED ADDRESS RANGES

        Name                Unused          Largest block    Delta
        BANK0            005E-006F             12           1
        BANK1            00A0-00EF             50           1
        BANK2            0110-016F             60           1
        BANK3            0190-01EF             60           1
        CODE             0003-03FB            3F9           2
                         0800-1FFF            800
        CONST            0003-03FB            100           2
                         0800-1FFF            100
        EEDATA           2100-21FF            100           2
        ENTRY            0003-03FB            100           2
                         0800-1FFF            100
        IDLOC            2000-2003              4           2
        RAM              005E-006F             12           1
                         00A0-00EF             50
                         0110-016F             60
                         0190-01EF             60
        SFR0             0000-001F             20           1
        SFR1             0080-009F             20           1
        SFR2             0100-010F             10           1
        SFR3             0180-018F             10           1
        STRCODE          0003-03FB            3F9           2
                         0800-1FFF           1800
        STRING           0003-03FB            100           2
                         0800-1FFF            100

                                  Symbol Table

?___lldiv                cstackBANK0  0036
?___lmul                 cstackCOMMON 0070
?___lwdiv                cstackCOMMON 0076
?___wmul                 cstackCOMMON 0070
_ADCON0                  (abs)        001F
_ADCON1                  (abs)        009F
_ADRESH                  (abs)        001E
_ADRESL                  (abs)        009E
_PORTC                   (abs)        0007
_PORTD                   (abs)        0008
_TRISA                   (abs)        0085
_TRISC                   (abs)        0087
_TRISD                   (abs)        0088
__H__absolute__          __absolute__ 0000
__Habs1                  abs1         0000
__Hbank0                 bank0        0000
__Hbank1                 bank1        0000
__Hbank2                 bank2        0000
__Hbank3                 bank3        0000
__HbssBANK0              bssBANK0     0000
__Hcinit                 cinit        0800
__Hclrtext               clrtext      0000
__Hcode                  code         0000
__Hcommon                common       0000
__Hconfig                config       2008
__HcstackBANK0           cstackBANK0  0000
__HcstackCOMMON          cstackCOMMON 0000
__HdataBANK0             dataBANK0    0000
__Heeprom_data           eeprom_data  0000
__Hend_init              end_init     0003
__Hfunctab               functab      0000
__Hheap                  heap         0000
__HidataBANK0            idataBANK0   0000
__Hinit                  init         0000
__Hinittext              inittext     0000
__Hintentry              intentry     0000
__Hmaintext              maintext     0000
__Hpowerup               powerup      0000
__Hram                   ram          0000
__Hreset_vec             reset_vec    0000
__Hsfr0                  sfr0         0000
__Hsfr1                  sfr1         0000
__Hsfr2                  sfr2         0000
__Hsfr3                  sfr3         0000
__Hsivt                  sivt         0000
__Hspace_0               (abs)        0800
__Hspace_1               (abs)        007E
__Hspace_2               (abs)        0000
__Hspace_3               (abs)        0000
__Hspace_4               (abs)        400F
__Hstack                 stack        0000
__Hstrings               strings      0000
__Htext                  text         0000
__L__absolute__          __absolute__ 0000
__Labs1                  abs1         0000
__Lbank0                 bank0        0000
__Lbank1                 bank1        0000
__Lbank2                 bank2        0000
__Lbank3                 bank3        0000
__LbssBANK0              bssBANK0     0000
__Lcinit                 cinit        07E6
__Lclrtext               clrtext      0000
__Lcode                  code         0000
__Lcommon                common       0000
__Lconfig                config       0000
__LcstackBANK0           cstackBANK0  0000
__LcstackCOMMON          cstackCOMMON 0000
__LdataBANK0             dataBANK0    0000
__Leeprom_data           eeprom_data  0000
__Lend_init              end_init     0000
__Lfunctab               functab      0000
__Lheap                  heap         0000
__LidataBANK0            idataBANK0   0000
__Linit                  init         0000
__Linittext              inittext     0000
__Lintentry              intentry     0000
__Lmaintext              maintext     0000
__Lpowerup               powerup      0000
__Lram                   ram          0000
__Lreset_vec             reset_vec    0000
__Lsfr0                  sfr0         0000
__Lsfr1                  sfr1         0000
__Lsfr2                  sfr2         0000
__Lsfr3                  sfr3         0000
__Lsivt                  sivt         0000
__Lspace_0               (abs)        0000
__Lspace_1               (abs)        0000
__Lspace_2               (abs)        0000
__Lspace_3               (abs)        0000
__Lspace_4               (abs)        0000
__Lstack                 stack        0000
__Lstrings               strings      0000
__Ltext                  text         0000
__S0                     (abs)        0800
__S1                     (abs)        007E
__S3                     (abs)        0000
___bmul                  text5        043D
___bmul@multiplicand     cstackCOMMON 0070
___bmul@multiplier       cstackCOMMON 0072
___bmul@product          cstackCOMMON 0071
___heap_hi               (abs)        0000
___heap_lo               (abs)        0000
___int_sp                stack        0000
___int_stack_hi          stack        0000
___int_stack_lo          stack        0000
___latbits               (abs)        0002
___lldiv                 text9        055F
___lldiv@counter         cstackBANK0  0042
___lldiv@dividend        cstackBANK0  003A
___lldiv@divisor         cstackBANK0  0036
___lldiv@quotient        cstackBANK0  003E
___lmul                  text8        04D2
___lmul@multiplicand     cstackCOMMON 0074
___lmul@multiplier       cstackCOMMON 0070
___lmul@product          cstackCOMMON 0079
___lwdiv                 text4        048E
___lwdiv@counter         cstackCOMMON 007C
___lwdiv@dividend        cstackCOMMON 0078
___lwdiv@divisor         cstackCOMMON 0076
___lwdiv@quotient        cstackCOMMON 007A
___sp                    stack        0000
___stack_hi              stack        0000
___stack_lo              stack        0000
___stackhi               (abs)        0000
___stacklo               (abs)        0000
___wmul                  text3        0469
___wmul@multiplicand     cstackCOMMON 0072
___wmul@multiplier       cstackCOMMON 0070
___wmul@product          cstackCOMMON 0074
__end_of___bmul          text5        0452
__end_of___lldiv         text9        05C7
__end_of___lmul          text8        0518
__end_of___lwdiv         text4        04D2
__end_of___wmul          text3        048E
__end_of__initialization cinit        07FC
__end_of_lcd_command     text7        0469
__end_of_lcd_data        text2        043D
__end_of_lcd_init        text6        055F
__end_of_lcd_output      text1        07E6
__end_of_main            maintext     06B9
__initialization         cinit        07E6
__pbssBANK0              bssBANK0     0020
__pcstackBANK0           cstackBANK0  0036
__pcstackCOMMON          cstackCOMMON 0070
__pdataBANK0             dataBANK0    004C
__pidataBANK0            idataBANK0   0404
__pmaintext              maintext     05C7
__ptext1                 text1        06B9
__ptext2                 text2        0429
__ptext3                 text3        0469
__ptext4                 text4        048E
__ptext5                 text5        043D
__ptext6                 text6        0518
__ptext7                 text7        0452
__ptext8                 text8        04D2
__ptext9                 text9        055F
_adc_high                bssBANK0     0030
_adc_low                 bssBANK0     0032
_d1                      bssBANK0     002A
_d2                      bssBANK0     0028
_d3                      bssBANK0     002E
_d4                      bssBANK0     002C
_lcd_command             text7        0452
_lcd_data                text2        0429
_lcd_init                text6        0518
_lcd_output              text1        06B9
_main                    maintext     05C7
_msg_1                   dataBANK0    0055
_msg_2                   dataBANK0    004C
_result                  bssBANK0     0024
_volt                    bssBANK0     0020
btemp                    (abs)        007E
clear_ram0               clrtext      03FC
end_of_initialization    cinit        07FC
init_fetch0              inittext     0416
init_ram0                inittext     041A
intlevel0                functab      0000
intlevel1                functab      0000
intlevel2                functab      0000
intlevel3                functab      0000
intlevel4                functab      0000
intlevel5                functab      0000
lcd_command@i            cstackCOMMON 0072
lcd_data@i               cstackCOMMON 0072
lcd_output@i             cstackBANK0  0036
lcd_output@m             cstackBANK0  003E
main@i                   cstackBANK0  004B
reset_vec                reset_vec    0000
start                    init         0000
start_initialization     cinit        07E6
wtemp0                   (abs)        007E


MODULE INFORMATION

Module		Function		Class		Link	Load	Size
C:\Program Files\Microchip\xc8\v2.46\pic\sources\c99\common\lwdiv.c
		___lwdiv       		CODE           	048E	0000	68

C:\Program Files\Microchip\xc8\v2.46\pic\sources\c99\common\lwdiv.c estimated size: 68

ADC_TASK.c
		_lcd_command   		CODE           	0452	0000	23
		_lcd_data      		CODE           	0429	0000	20
		_main          		CODE           	05C7	0000	242
		_lcd_init      		CODE           	0518	0000	71
		_lcd_output    		CODE           	06B9	0000	301

ADC_TASK.c estimated size: 657

C:\Program Files\Microchip\xc8\v2.46\pic\sources\c99\common\Umul8.c
		___bmul        		CODE           	043D	0000	21

C:\Program Files\Microchip\xc8\v2.46\pic\sources\c99\common\Umul8.c estimated size: 21

shared
		__initialization		CODE           	07E6	0000	22

shared estimated size: 22

C:\Program Files\Microchip\xc8\v2.46\pic\sources\c99\common\__lldiv.c
		___lldiv       		CODE           	055F	0000	104

C:\Program Files\Microchip\xc8\v2.46\pic\sources\c99\common\__lldiv.c estimated size: 104

C:\Program Files\Microchip\xc8\v2.46\pic\sources\c99\common\Umul16.c
		___wmul        		CODE           	0469	0000	37

C:\Program Files\Microchip\xc8\v2.46\pic\sources\c99\common\Umul16.c estimated size: 37

C:\Program Files\Microchip\xc8\v2.46\pic\sources\c99\common\Umul32.c
		___lmul        		CODE           	04D2	0000	70

C:\Program Files\Microchip\xc8\v2.46\pic\sources\c99\common\Umul32.c estimated size: 70

