Microchip MPLAB XC8 Compiler V2.46

Linker command line:

-W-3 \
  --edf=C:\Program Files\Microchip\xc8\v2.46\pic\dat\20240104201356_en.msgs \
  -cn -h+dist/default/production\ADC_CLASS.X.production.sym \
  --cmf=dist/default/production\ADC_CLASS.X.production.cmf -z -Q16F877A \
  -oC:\Users\vigne\AppData\Local\Temp\xcAsae8.\driver_tmp_3.o \
  --defsym=__MPLAB_BUILD=1 --fixupoverflow=error \
  -Mdist/default/production/ADC_CLASS.X.production.map \
  --md=C:\Users\vigne\AppData\Local\Temp\xcAsae8.\driver_tmp_0.dat -E1 \
  -ver=XC8 Compiler --acfsm=1493 -ACODE=00h-07FFhx4 -ASTRCODE=00h-01FFFh \
  -ASTRING=00h-0FFhx32 -ACONST=00h-0FFhx32 -AENTRY=00h-0FFhx32 \
  -ACOMMON=070h-07Fh -ABANK0=020h-06Fh -ABANK1=0A0h-0EFh \
  -ABANK2=0110h-016Fh -ABANK3=0190h-01EFh \
  -ARAM=020h-06Fh,0A0h-0EFh,0110h-016Fh,0190h-01EFh \
  -AABS1=020h-07Fh,0A0h-0EFh,0110h-016Fh,0190h-01EFh -ASFR0=00h-01Fh \
  -ASFR1=080h-09Fh -ASFR2=0100h-010Fh -ASFR3=0180h-018Fh \
  -ACONFIG=02007h-02007h -DCONFIG=2 -AIDLOC=02000h-02003h -DIDLOC=2 \
  -AEEDATA=00h-0FFh/02100h -peeprom_data=EEDATA -DEEDATA=2 -DCODE=2 \
  -DSTRCODE=2 -DSTRING=2 -DCONST=2 -DENTRY=2 \
  -preset_vec=00h,intentry,sivt,init,end_init -ppowerup=CODE -pcinit=CODE \
  -pfunctab=ENTRY -k \
  C:\Users\vigne\AppData\Local\Temp\xcAsae8.\driver_tmp_12.o \
  dist/default/production\ADC_CLASS.X.production.o 

Object code version is 3.11

Machine type is 16F877A



                Name                               Link     Load   Length Selector   Space Scale
C:\Users\vigne\AppData\Local\Temp\xcAsae8.\driver_tmp_12.o
                end_init                              0        0        3        0       0
                config                             2007     2007        1        0       4
dist/default/production\ADC_CLASS.X.production.o
                cinit                               7E6      7E6       1A      FCC       0
                config                             2007     2007        1        0       4
                text7                               50C      50C       17      A18       0
                text6                               58C      58C       71      B18       0
                text5                               4F7      4F7       15      9EE       0
                text4                               548      548       44      A90       0
                text3                               523      523       25      A46       0
                text2                               4E3      4E3       14      9C6       0
                text1                               6B9      6B9      12D      D72       0
                maintext                            5FD      5FD       BC      BFA       0
                cstackBANK0                          44       44        C       20       1
                cstackCOMMON                         70       70        E       70       1
                clrtext                             4B6      4B6        8      96C       0
                inittext                            4D0      4D0       13      9A0       0
                dataBANK0                            32       32       12       20       1
                bssBANK0                             20       20       12       20       1
                idataBANK0                          4BE      4BE       12      97C       0

TOTAL           Name                               Link     Load   Length     Space
        CLASS   CODE           
                end_init                              0        0        3         0
                cinit                               7E6      7E6       1A         0
                text7                               50C      50C       17         0
                text6                               58C      58C       71         0
                text5                               4F7      4F7       15         0
                text4                               548      548       44         0
                text3                               523      523       25         0
                text2                               4E3      4E3       14         0
                text1                               6B9      6B9      12D         0
                maintext                            5FD      5FD       BC         0
                clrtext                             4B6      4B6        8         0
                inittext                            4D0      4D0       13         0
                idataBANK0                          4BE      4BE       12         0

        CLASS   STRCODE        

        CLASS   STRING         

        CLASS   CONST          

        CLASS   ENTRY          

        CLASS   COMMON         
                cstackCOMMON                         70       70        E         1

        CLASS   BANK0          
                cstackBANK0                          44       44        C         1
                dataBANK0                            32       32       12         1
                bssBANK0                             20       20       12         1

        CLASS   BANK1          

        CLASS   BANK2          

        CLASS   BANK3          

        CLASS   RAM            

        CLASS   ABS1           
                abs_s1                               7E       7E        2         1

        CLASS   SFR0           

        CLASS   SFR1           

        CLASS   SFR2           

        CLASS   SFR3           

        CLASS   CONFIG         
                config                             2007     2007        1         4

        CLASS   IDLOC          

        CLASS   EEDATA         

        CLASS   HEAP           

        CLASS   STACK          



SEGMENTS        Name                           Load    Length   Top    Selector   Space  Class     Delta

                reset_vec                      000000  000003  000003         0       0  CODE        2
                bssBANK0                       000020  000030  000050        20       1  BANK0       1
                cstackCOMMON                   000070  00000E  00007E        70       1  COMMON      1
                clrtext                        0004B6  000008  0004BE       96C       0  CODE        2
                idataBANK0                     0004BE  000012  0004D0       97C       0  CODE        2
                inittext                       0004D0  000013  0004E3       9A0       0  CODE        2
                text2                          0004E3  000014  0004F7       9C6       0  CODE        2
                text5                          0004F7  000015  00050C       9EE       0  CODE        2
                text7                          00050C  000017  000523       A18       0  CODE        2
                text3                          000523  000025  000548       A46       0  CODE        2
                text4                          000548  000044  00058C       A90       0  CODE        2
                text6                          00058C  000071  0005FD       B18       0  CODE        2
                maintext                       0005FD  0000BC  0006B9       BFA       0  CODE        2
                text1                          0006B9  00012D  0007E6       D72       0  CODE        2
                cinit                          0007E6  00001A  000800       FCC       0  CODE        2


UNUSED ADDRESS RANGES

        Name                Unused          Largest block    Delta
        BANK0            0050-006F             20           1
        BANK1            00A0-00EF             50           1
        BANK2            0110-016F             60           1
        BANK3            0190-01EF             60           1
        CODE             0003-04B5            4B3           2
                         0800-1FFF            800
        CONST            0003-04B5            100           2
                         0800-1FFF            100
        EEDATA           2100-21FF            100           2
        ENTRY            0003-04B5            100           2
                         0800-1FFF            100
        IDLOC            2000-2003              4           2
        RAM              0050-006F             20           1
                         00A0-00EF             50
                         0110-016F             60
                         0190-01EF             60
        SFR0             0000-001F             20           1
        SFR1             0080-009F             20           1
        SFR2             0100-010F             10           1
        SFR3             0180-018F             10           1
        STRCODE          0003-04B5            4B3           2
                         0800-1FFF           1800
        STRING           0003-04B5            100           2
                         0800-1FFF            100

                                  Symbol Table

?___lwdiv                cstackCOMMON 0076
?___wmul                 cstackCOMMON 0070
_ADCON0                  (abs)        001F
_ADCON1                  (abs)        009F
_ADRESH                  (abs)        001E
_ADRESL                  (abs)        009E
_PORTC                   (abs)        0007
_PORTD                   (abs)        0008
_TRISA                   (abs)        0085
_TRISC                   (abs)        0087
_TRISD                   (abs)        0088
__H__absolute__          __absolute__ 0000
__Habs1                  abs1         0000
__Hbank0                 bank0        0000
__Hbank1                 bank1        0000
__Hbank2                 bank2        0000
__Hbank3                 bank3        0000
__HbssBANK0              bssBANK0     0000
__Hcinit                 cinit        0800
__Hclrtext               clrtext      0000
__Hcode                  code         0000
__Hcommon                common       0000
__Hconfig                config       2008
__HcstackBANK0           cstackBANK0  0000
__HcstackCOMMON          cstackCOMMON 0000
__HdataBANK0             dataBANK0    0000
__Heeprom_data           eeprom_data  0000
__Hend_init              end_init     0003
__Hfunctab               functab      0000
__Hheap                  heap         0000
__HidataBANK0            idataBANK0   0000
__Hinit                  init         0000
__Hinittext              inittext     0000
__Hintentry              intentry     0000
__Hmaintext              maintext     0000
__Hpowerup               powerup      0000
__Hram                   ram          0000
__Hreset_vec             reset_vec    0000
__Hsfr0                  sfr0         0000
__Hsfr1                  sfr1         0000
__Hsfr2                  sfr2         0000
__Hsfr3                  sfr3         0000
__Hsivt                  sivt         0000
__Hspace_0               (abs)        0800
__Hspace_1               (abs)        007E
__Hspace_2               (abs)        0000
__Hspace_3               (abs)        0000
__Hspace_4               (abs)        400F
__Hstack                 stack        0000
__Hstrings               strings      0000
__Htext                  text         0000
__L__absolute__          __absolute__ 0000
__Labs1                  abs1         0000
__Lbank0                 bank0        0000
__Lbank1                 bank1        0000
__Lbank2                 bank2        0000
__Lbank3                 bank3        0000
__LbssBANK0              bssBANK0     0000
__Lcinit                 cinit        07E6
__Lclrtext               clrtext      0000
__Lcode                  code         0000
__Lcommon                common       0000
__Lconfig                config       0000
__LcstackBANK0           cstackBANK0  0000
__LcstackCOMMON          cstackCOMMON 0000
__LdataBANK0             dataBANK0    0000
__Leeprom_data           eeprom_data  0000
__Lend_init              end_init     0000
__Lfunctab               functab      0000
__Lheap                  heap         0000
__LidataBANK0            idataBANK0   0000
__Linit                  init         0000
__Linittext              inittext     0000
__Lintentry              intentry     0000
__Lmaintext              maintext     0000
__Lpowerup               powerup      0000
__Lram                   ram          0000
__Lreset_vec             reset_vec    0000
__Lsfr0                  sfr0         0000
__Lsfr1                  sfr1         0000
__Lsfr2                  sfr2         0000
__Lsfr3                  sfr3         0000
__Lsivt                  sivt         0000
__Lspace_0               (abs)        0000
__Lspace_1               (abs)        0000
__Lspace_2               (abs)        0000
__Lspace_3               (abs)        0000
__Lspace_4               (abs)        0000
__Lstack                 stack        0000
__Lstrings               strings      0000
__Ltext                  text         0000
__S0                     (abs)        0800
__S1                     (abs)        007E
__S3                     (abs)        0000
___bmul                  text5        04F7
___bmul@multiplicand     cstackCOMMON 0070
___bmul@multiplier       cstackCOMMON 0072
___bmul@product          cstackCOMMON 0071
___heap_hi               (abs)        0000
___heap_lo               (abs)        0000
___int_sp                stack        0000
___int_stack_hi          stack        0000
___int_stack_lo          stack        0000
___latbits               (abs)        0002
___lwdiv                 text4        0548
___lwdiv@counter         cstackCOMMON 007C
___lwdiv@dividend        cstackCOMMON 0078
___lwdiv@divisor         cstackCOMMON 0076
___lwdiv@quotient        cstackCOMMON 007A
___sp                    stack        0000
___stack_hi              stack        0000
___stack_lo              stack        0000
___stackhi               (abs)        0000
___stacklo               (abs)        0000
___wmul                  text3        0523
___wmul@multiplicand     cstackCOMMON 0072
___wmul@multiplier       cstackCOMMON 0070
___wmul@product          cstackCOMMON 0074
__end_of___bmul          text5        050C
__end_of___lwdiv         text4        058C
__end_of___wmul          text3        0548
__end_of__initialization cinit        07FC
__end_of_lcd_command     text7        0523
__end_of_lcd_data        text2        04F7
__end_of_lcd_init        text6        05FD
__end_of_lcd_output      text1        07E6
__end_of_main            maintext     06B9
__initialization         cinit        07E6
__pbssBANK0              bssBANK0     0020
__pcstackBANK0           cstackBANK0  0044
__pcstackCOMMON          cstackCOMMON 0070
__pdataBANK0             dataBANK0    0032
__pidataBANK0            idataBANK0   04BE
__pmaintext              maintext     05FD
__ptext1                 text1        06B9
__ptext2                 text2        04E3
__ptext3                 text3        0523
__ptext4                 text4        0548
__ptext5                 text5        04F7
__ptext6                 text6        058C
__ptext7                 text7        050C
_adc_high                bssBANK0     002C
_adc_low                 bssBANK0     002E
_d1                      bssBANK0     0022
_d2                      bssBANK0     0020
_d3                      bssBANK0     0026
_d4                      bssBANK0     0024
_lcd_command             text7        050C
_lcd_data                text2        04E3
_lcd_init                text6        058C
_lcd_output              text1        06B9
_main                    maintext     05FD
_msg_1                   dataBANK0    003B
_msg_2                   dataBANK0    0032
_result                  bssBANK0     002A
_volt                    bssBANK0     0028
btemp                    (abs)        007E
clear_ram0               clrtext      04B6
end_of_initialization    cinit        07FC
init_fetch0              inittext     04D0
init_ram0                inittext     04D4
intlevel0                functab      0000
intlevel1                functab      0000
intlevel2                functab      0000
intlevel3                functab      0000
intlevel4                functab      0000
intlevel5                functab      0000
lcd_command@i            cstackCOMMON 0072
lcd_data@i               cstackCOMMON 0072
lcd_output@i             cstackBANK0  0044
lcd_output@m             cstackBANK0  004C
main@i                   cstackCOMMON 007D
reset_vec                reset_vec    0000
start                    init         0000
start_initialization     cinit        07E6
wtemp0                   (abs)        007E


MODULE INFORMATION

Module		Function		Class		Link	Load	Size
C:\Program Files\Microchip\xc8\v2.46\pic\sources\c99\common\lwdiv.c
		___lwdiv       		CODE           	0548	0000	68

C:\Program Files\Microchip\xc8\v2.46\pic\sources\c99\common\lwdiv.c estimated size: 68

C:\Program Files\Microchip\xc8\v2.46\pic\sources\c99\common\Umul8.c
		___bmul        		CODE           	04F7	0000	21

C:\Program Files\Microchip\xc8\v2.46\pic\sources\c99\common\Umul8.c estimated size: 21

ADC_CLASS.c
		_lcd_command   		CODE           	050C	0000	23
		_lcd_data      		CODE           	04E3	0000	20
		_main          		CODE           	05FD	0000	188
		_lcd_init      		CODE           	058C	0000	113
		_lcd_output    		CODE           	06B9	0000	301

ADC_CLASS.c estimated size: 645

shared
		__initialization		CODE           	07E6	0000	22

shared estimated size: 22

C:\Program Files\Microchip\xc8\v2.46\pic\sources\c99\common\Umul16.c
		___wmul        		CODE           	0523	0000	37

C:\Program Files\Microchip\xc8\v2.46\pic\sources\c99\common\Umul16.c estimated size: 37

